  xx.c
D:\Dai  Ma\2026-1\2026-1-19\xx.c(13,9): warning C4477: “printf”: 格式字符串“%d”需要类型“int”的参数，但可变参数 1 拥有了类型“size_t”
      D:\Dai  Ma\2026-1\2026-1-19\xx.c(13,9):
      请考虑在格式字符串中使用“%zd”
  
D:\Dai  Ma\2026-1\2026-1-19\xx.c(15,9): warning C4477: “printf”: 格式字符串“%d”需要类型“int”的参数，但可变参数 1 拥有了类型“size_t”
      D:\Dai  Ma\2026-1\2026-1-19\xx.c(15,9):
      请考虑在格式字符串中使用“%zd”
  
D:\Dai  Ma\2026-1\2026-1-19\xx.c(17,9): warning C4477: “printf”: 格式字符串“%d”需要类型“int”的参数，但可变参数 1 拥有了类型“size_t”
      D:\Dai  Ma\2026-1\2026-1-19\xx.c(17,9):
      请考虑在格式字符串中使用“%zd”
  
D:\Dai  Ma\2026-1\2026-1-19\xx.c(19,9): warning C4477: “printf”: 格式字符串“%d”需要类型“int”的参数，但可变参数 1 拥有了类型“size_t”
      D:\Dai  Ma\2026-1\2026-1-19\xx.c(19,9):
      请考虑在格式字符串中使用“%zd”
  
D:\Dai  Ma\2026-1\2026-1-19\xx.c(21,9): warning C4477: “printf”: 格式字符串“%d”需要类型“int”的参数，但可变参数 1 拥有了类型“size_t”
      D:\Dai  Ma\2026-1\2026-1-19\xx.c(21,9):
      请考虑在格式字符串中使用“%zd”
  
D:\Dai  Ma\2026-1\2026-1-19\xx.c(23,9): warning C4477: “printf”: 格式字符串“%d”需要类型“int”的参数，但可变参数 1 拥有了类型“size_t”
      D:\Dai  Ma\2026-1\2026-1-19\xx.c(23,9):
      请考虑在格式字符串中使用“%zd”
  
D:\Dai  Ma\2026-1\2026-1-19\xx.c(25,9): warning C4477: “printf”: 格式字符串“%d”需要类型“int”的参数，但可变参数 1 拥有了类型“size_t”
      D:\Dai  Ma\2026-1\2026-1-19\xx.c(25,9):
      请考虑在格式字符串中使用“%zd”
  
D:\Dai  Ma\2026-1\2026-1-19\xx.c(27,9): warning C4477: “printf”: 格式字符串“%d”需要类型“int”的参数，但可变参数 1 拥有了类型“size_t”
      D:\Dai  Ma\2026-1\2026-1-19\xx.c(27,9):
      请考虑在格式字符串中使用“%zd”
  
D:\Dai  Ma\2026-1\2026-1-19\xx.c(29,9): warning C4477: “printf”: 格式字符串“%d”需要类型“int”的参数，但可变参数 1 拥有了类型“size_t”
      D:\Dai  Ma\2026-1\2026-1-19\xx.c(29,9):
      请考虑在格式字符串中使用“%zd”
  
D:\Dai  Ma\2026-1\2026-1-19\xx.c(30,9): warning C4477: “printf”: 格式字符串“%d”需要类型“int”的参数，但可变参数 1 拥有了类型“size_t”
      D:\Dai  Ma\2026-1\2026-1-19\xx.c(30,9):
      请考虑在格式字符串中使用“%zd”
  
D:\Dai  Ma\2026-1\2026-1-19\xx.c(31,9): warning C4477: “printf”: 格式字符串“%d”需要类型“int”的参数，但可变参数 1 拥有了类型“size_t”
      D:\Dai  Ma\2026-1\2026-1-19\xx.c(31,9):
      请考虑在格式字符串中使用“%zd”
  
  2026-1-19.vcxproj -> D:\Dai  Ma\2026-1\2026-1-19\x64\Debug\2026-1-19.exe
